putchar:
p

puts:
simple string

printf:
simple string
single character: a
percent %
string "foo"
char 'C'
hex 123abc abcdef
HEX 123ABC ABCDEF
dec 0 1234 -1234
all "Rob" 'W' 0x102469 2147483647
